C:\Users\Luis\.gemini\antigravity\scratch\DulceRecetario\DulceRecetario.csproj : warning NU1902: El paquete "Microsoft.IdentityModel.JsonWebTokens" 7.0.3 tiene una vulnerabilidad de gravedad moderada conocida, https://github.com/advisories/GHSA-59j7-ghrg-fj52
C:\Users\Luis\.gemini\antigravity\scratch\DulceRecetario\DulceRecetario.csproj : warning NU1902: El paquete "System.IdentityModel.Tokens.Jwt" 7.0.3 tiene una vulnerabilidad de gravedad moderada conocida, https://github.com/advisories/GHSA-59j7-ghrg-fj52
C:\Users\Luis\.gemini\antigravity\scratch\DulceRecetario\DulceRecetario.csproj : warning NU1902: El paquete "Microsoft.IdentityModel.JsonWebTokens" 7.0.3 tiene una vulnerabilidad de gravedad moderada conocida, https://github.com/advisories/GHSA-59j7-ghrg-fj52 [TargetFramework=net10.0-android]
C:\Users\Luis\.gemini\antigravity\scratch\DulceRecetario\DulceRecetario.csproj : warning NU1902: El paquete "System.IdentityModel.Tokens.Jwt" 7.0.3 tiene una vulnerabilidad de gravedad moderada conocida, https://github.com/advisories/GHSA-59j7-ghrg-fj52 [TargetFramework=net10.0-android]
C:\Program Files\dotnet\packs\Microsoft.Android.Sdk.Windows\36.1.43\tools\Xamarin.Android.Tooling.targets(88,5): error XA5207: No se ha podido encontrar android.jar para el nivel API 36. Esto significa que la plataforma Android SDK para el nivel API 36 no est├í instalada; se esperaba que estuviera en "C:\Program Files (x86)\Android\android-sdk\platforms\android-36\android.jar". [C:\Users\Luis\.gemini\antigravity\scratch\DulceRecetario\DulceRecetario.csproj::TargetFramework=net10.0-android]
C:\Program Files\dotnet\packs\Microsoft.Android.Sdk.Windows\36.1.43\tools\Xamarin.Android.Tooling.targets(88,5): error XA5207: Puede instalar el nivel de API que falta ejecutando "dotnet build -t:InstallAndroidDependencies -f net10.0-android"-p:AndroidSdkDirectory=C:\Program Files (x86)\Android\android-sdk"`, o cambiar el proyecto para que tenga como objetivo una versi├│n de API que est├® instalada. [C:\Users\Luis\.gemini\antigravity\scratch\DulceRecetario\DulceRecetario.csproj::TargetFramework=net10.0-android]
C:\Program Files\dotnet\packs\Microsoft.Android.Sdk.Windows\36.1.43\tools\Xamarin.Android.Tooling.targets(88,5): error XA5207: Consulte https://aka.ms/xa5207 para obtener m├ís detalles. [C:\Users\Luis\.gemini\antigravity\scratch\DulceRecetario\DulceRecetario.csproj::TargetFramework=net10.0-android]

ERROR al compilar.

C:\Users\Luis\.gemini\antigravity\scratch\DulceRecetario\DulceRecetario.csproj : warning NU1902: El paquete "Microsoft.IdentityModel.JsonWebTokens" 7.0.3 tiene una vulnerabilidad de gravedad moderada conocida, https://github.com/advisories/GHSA-59j7-ghrg-fj52 [TargetFramework=net10.0-android]
C:\Users\Luis\.gemini\antigravity\scratch\DulceRecetario\DulceRecetario.csproj : warning NU1902: El paquete "System.IdentityModel.Tokens.Jwt" 7.0.3 tiene una vulnerabilidad de gravedad moderada conocida, https://github.com/advisories/GHSA-59j7-ghrg-fj52 [TargetFramework=net10.0-android]
C:\Program Files\dotnet\packs\Microsoft.Android.Sdk.Windows\36.1.43\tools\Xamarin.Android.Tooling.targets(88,5): error XA5207: No se ha podido encontrar android.jar para el nivel API 36. Esto significa que la plataforma Android SDK para el nivel API 36 no est├í instalada; se esperaba que estuviera en "C:\Program Files (x86)\Android\android-sdk\platforms\android-36\android.jar". [C:\Users\Luis\.gemini\antigravity\scratch\DulceRecetario\DulceRecetario.csproj::TargetFramework=net10.0-android]
C:\Program Files\dotnet\packs\Microsoft.Android.Sdk.Windows\36.1.43\tools\Xamarin.Android.Tooling.targets(88,5): error XA5207: Puede instalar el nivel de API que falta ejecutando "dotnet build -t:InstallAndroidDependencies -f net10.0-android"-p:AndroidSdkDirectory=C:\Program Files (x86)\Android\android-sdk"`, o cambiar el proyecto para que tenga como objetivo una versi├│n de API que est├® instalada. [C:\Users\Luis\.gemini\antigravity\scratch\DulceRecetario\DulceRecetario.csproj::TargetFramework=net10.0-android]
C:\Program Files\dotnet\packs\Microsoft.Android.Sdk.Windows\36.1.43\tools\Xamarin.Android.Tooling.targets(88,5): error XA5207: Consulte https://aka.ms/xa5207 para obtener m├ís detalles. [C:\Users\Luis\.gemini\antigravity\scratch\DulceRecetario\DulceRecetario.csproj::TargetFramework=net10.0-android]
    2 Advertencia(s)
    1 Errores

Tiempo transcurrido 00:00:00.60
